Accuracy: 0.9433962264150944

Classification Report:
                    precision    recall  f1-score   support

        basketball       0.80      1.00      0.89         4
            biking       1.00      1.00      1.00         5
            diving       1.00      1.00      1.00         4
        golf_swing       1.00      0.80      0.89         5
      horse_riding       1.00      1.00      1.00         5
   soccer_juggling       0.71      1.00      0.83         5
             swing       1.00      0.80      0.89         5
      tennis_swing       1.00      1.00      1.00         5
trampoline_jumping       1.00      1.00      1.00         5
volleyball_spiking       1.00      0.80      0.89         5
           walking       1.00      1.00      1.00         5

          accuracy                           0.94        53
         macro avg       0.96      0.95      0.94        53
      weighted avg       0.96      0.94      0.94        53
